b'{\n  "@context": {"@vocab":"https://schema.org/"},\n  "@type": "Dataset",\n  "@id":"metadata:amgeo20130106",\n  "author": {\n    "name": "AMGeO",\n    "email": "amgeo@colorado.edu",\n    "logo": "https://amgeo.colorado.edu/static/img/amgeosmall.svg",\n    "@type": "Organization"\n  },\n  "description": "AMGeO helps combine diverse high-latitude geospace observations. The purpose of AMGeO is to make the latest geospace data science tool accessible to scientists and students.",\n  "citation": "AMGeO Collaboration. (2019). A Collaborative Data Science Platform for the Geospace Community: Assimilative Mapping of Geospace Observations (AMGeO) v1.0.0. Zenodo. https://doi.org/10.5281/zenodo.3564914",\n  "keywords": [\n    "polar ionosphere",\n    "magnetosphere-ionosphere coupling",\n    "ionospheric electrodynamics"\n  ],\n  "temporalCoverage": "2013-01-06T17:30:00",\n  "name": "AMGeO Assimilative Maps for 2013-01-06T17:30:00",\n  "version": "v2_beta",\n  "about": "AMGeO Assimilative Maps",\n  "spatialCoverage": {\n    "geo": {\n      "box": "49.99975367385476 0.0 88.33332306974395 360.0",\n      "@type": "GeoShape"\n    },\n    "@type": "Place"\n  },\n  "variableMeasured": [\n    {\n      "name": "Electric Field (eastward)",\n      "unitText": "V/m",\n      "@type": "PropertyValue"\n    },\n    {\n      "name": "Electric Field (equatorward)",\n      "unitText": "V/m",\n      "@type": "PropertyValue"\n    },\n    {\n      "name": "Ovation Pyme Hall Conductance",\n      "unitText": "mho",\n      "@type": "PropertyValue"\n    },\n    {\n      "name": "Ovation Pyme Pedersen Conductance",\n      "unitText": "mho",\n      "@type": "PropertyValue"\n    },\n    {\n      "name": "Electric Potential",\n      "unitText": "V",\n      "@type": "PropertyValue"\n    },\n    {\n      "name": "Hemisphere Integrated Joule Heating",\n      "unitText": "GW",\n      "@type": "PropertyValue"\n    },\n    {\n      "name": "Joule Heating (E-field^2*Pedersen)",\n      "unitText": "mW/m^2",\n      "@type": "PropertyValue"\n    },\n    {\n      "name": "Ion Drift Velocity (eastward)",\n      "unitText": "m/s",\n      "@type": "PropertyValue"\n    },\n    {\n      "name": "Ion Drift Velocity (equatorward)",\n      "unitText": "m/s",\n      "@type": "PropertyValue"\n    }\n  ],\n  "url": "https://amgeo-dev.colorado.edu/static/data/data-01-06-2013-17-30-00.html",\n  "distribution": {\n    "contentUrl": "https://amgeo-dev.colorado.edu/static/data/01-06-2013-17-30-00.nc",\n    "encodingFormat": "application/x-hdf5",\n    "@type": "DataDownload"\n  }\n}'
