b'\nurn: {df32d774997f575945eef2b7fdc2e20612e34779 identifiersha $.identifier [doi:10.17882/42182] 32736adb6edd975d66ce3cb8f871c26595821d7c}\n'
