['summoned/geocodes_demo_datasets/257108e0760f96ef7a480e1d357bcf8720cd11e4.jsonld', 'summoned/geocodes_demo_datasets/261c022db9edea9e4fc025987f1826ee7a704f06.jsonld', 'summoned/geocodes_demo_datasets/7435cba44745748adfe80192c389f77d66d0e909.jsonld', 'summoned/geocodes_demo_datasets/9cf121358068c7e7f997de84fafc988083b72877.jsonld', 'summoned/geocodes_demo_datasets/b2fb074695be7e40d5ad5d524d92bba32325249b.jsonld', 'summoned/geocodes_demo_datasets/c752617ea91a725643d337a117bd13386eae3203.jsonld', 'summoned/geocodes_demo_datasets/ce020471830dc75cb1639eae403a883f9072bb60.jsonld', 'summoned/geocodes_demo_datasets/fcc47ef4c3b1d0429d00f6fb4be5e506a7a3b699.jsonld', 'summoned/geocodes_demo_datasets/fe3c7c4f7ca08495b8962e079920c06676d5a166.jsonld']
