b"\nurn: {61af1c32ec3cef177fe6169132c3c9c4de62f284 identifiersha $['@id'] [https://ds.iris.edu/ds/products/syngine/] e667c335a633036004b0694af9b899c3aef474d2}\n"
