b"\nurn: {b757fdf54ec4dec3211f1d04aa0f7f0e98c54be0 identifiersha $.identifier[?(@.propertyID=='https://registry.identifiers.org/registry/doi')].value [doi:10.1575/1912/bco-dmo.2343.1] bfc83791c31aa17699e0fc7b91fbfc7edbb0007d}\n"
