b"\nurn: {9de034cf10657d9e4f395f6cc2eae9d2816a26fd identifiersha $['@id'] [metadata:amgeo20130106] 0a629886f740414207b2e69e91ad63cef9cf709d}\n"
