triplecount: 69   graph: 'urn:citesting:geocodes_demo_datasets:c752617ea91a725643d337a117bd13386eae3203'  
