b'\nurn: {a340bc5e7139e9386176099c5a24e68db3923236 identifiersha $.identifier.value [https://doi.org/10.1594/IEDA/100621] 2ad3a79d5746a8a3a4e3b259fc0fbd2ad6ec2205}\n'
