['https://raw.githubusercontent.com/earthcube/GeoCODES-Metadata/main/metadata/Dataset/allgood/MB_amgeo_data-01-06-2013-17-30-00.json', 'https://raw.githubusercontent.com/earthcube/GeoCODES-Metadata/main/metadata/Dataset/allgood/MB_iris_syngine.json', 'https://raw.githubusercontent.com/earthcube/GeoCODES-Metadata/main/metadata/Dataset/allgood/MB_lipdverse_HypkanaHajkova2016.json', 'https://raw.githubusercontent.com/earthcube/GeoCODES-Metadata/main/metadata/Dataset/allgood/argo-20220707.json', 'https://raw.githubusercontent.com/earthcube/GeoCODES-Metadata/main/metadata/Dataset/allgood/argoSimple-v1Shapes.json', 'https://raw.githubusercontent.com/earthcube/GeoCODES-Metadata/main/metadata/Dataset/allgood/bcodmo1-20220707.json', 'https://raw.githubusercontent.com/earthcube/GeoCODES-Metadata/main/metadata/Dataset/allgood/bcodmo1.json', 'https://raw.githubusercontent.com/earthcube/GeoCODES-Metadata/main/metadata/Dataset/allgood/earthchem_1572.json', 'https://raw.githubusercontent.com/earthcube/GeoCODES-Metadata/main/metadata/Dataset/allgood/opentopo1.json']
