b'\nurn: {8c30552eca65b8807d7fa6bb5e7b8517b93bb207 identifiersha $.identifier [https://doi.org/10.1575/1912/bco-dmo.2343.1] 108172e82c92596ce587ce60db0aa1eac0091eb0}\n'
