b'{\n  "@context": {"@vocab":"https://schema.org/"},\n  "@type": "Dataset",\n  "additionalType": "http://linked.earth/ontology/core/1.2.0/index-en.html#Dataset",\n  "@id": "http://lipdverse.org/Temp12k/1_0_2/Hypkana.Hajkova.2016.html",\n  "identifier": {\n    "@id": "https://lipdverse.org/resource/dataset/00ZGzZEY6nx8ep1lDO3z",\n    "@type": "PropertyValue",\n    "propertyID": "http://linked.earth/ontology#hasDatasetId",\n    "name": "lipdverse dataset ID 00ZGzZEY6nx8ep1lDO3z",\n    "value": "00ZGzZEY6nx8ep1lDO3z",\n    "url": "https://lipdverse.org/resource/dataset/00ZGzZEY6nx8ep1lDO3z"\n  },\n  "name": "Hypkana.Hajkova.2016",\n  "description": "This dataset from Hypkana (Europe>Eastern Europe>Slovakia) is derived from a LakeSediment archive, and includes data on temperature, uncertainty, reliable, and Commentregardingreliability1. The data are relevant to the time interval from 13074 to 5070 (BP).",\n  "distribution": [\n    {\n      "@type": "DataDownload",\n      "contentUrl": "http://lipdverse.org/Temp12k/1_0_2/Hypkana.Hajkova.2016.lpd",\n      "encodingFormat": [\n        "application/zip",\n        "http://linked.earth/ontology/core/1.2.0/index-en.html#Dataset"\n      ],\n      "datePublished": "2021-02-05T15:52:17+00:00"\n    }\n  ],\n  "url": "http://lipdverse.org/Temp12k/1_0_2/Hypkana.Hajkova.2016.html",\n  "version": "1.0.1",\n  "keywords": [\n    "temperature",\n    "uncertainty",\n    "reliable",\n    "Commentregardingreliability1"\n  ],\n  "spatialCoverage": {\n    "@type": "Place",\n    "name": "Hypkana",\n    "geo": {\n      "@type": "GeoCoordinates",\n      "latitude": 48.9131,\n      "longitude": 22.1636,\n      "elevation": 820\n    }\n  },\n  "license": "CC-BY-4.0"\n}'
