triplecount: 16   graph: 'urn:citesting:geocodes_demo_datasets:9cf121358068c7e7f997de84fafc988083b72877'  
