triplecount: 177   graph: 'urn:citesting:geocodes_demo_datasets:257108e0760f96ef7a480e1d357bcf8720cd11e4'  
