b"\nurn: {d82062e44ed98aa19718b2461a2a15c7c6dd51a3 identifiersha $['@id'] [https://doi.org/10.26022/IEDA/111572] 9f65d31eb5d440543bebd2eb9ffc19cb9ab39bd2}\n"
