b'{\n  "@context": {"@vocab":"https://schema.org/"},\n  "@id": "https://ds.iris.edu/ds/products/syngine/",\n  "@type": "Dataset",\n  "name": "On demand custom 3D AxiSEM synthetic seismograms",\n  "alternateName": [\n    "syngine"\n  ],\n  "description": "The *Synthetics Engine* (Syngine) service provides access to custom tailored synthetic seismograms for selected *Earth* and *Mars* models.",\n  "url": "https://ds.iris.edu/ds/products/syngine/",\n  "dateCreated": "2015-09-16T05:00:16.792",\n  "dateModified": "2021-09-23T21:38:59.924",\n  "includedInDataCatalog": {\n    "@type": "DataCatalog",\n    "@id": "https://ds.iris.edu/ds/products/",\n    "url": "https://ds.iris.edu/ds/products/"\n  },\n  "keywords": "Green\'s functions,SAC,seismic,geophysics,Earth Models,mars,miniSEED,Syngine,AxiSEM,Synthetics,seismology,Mars Models,Instaseis",\n  "author": [\n    {\n      "@type": "Person",\n      "name": "IRIS Data Products"\n    }\n  ],\n  "image": "https://ds.iris.edu/media/product/syngine/images/Syngine_Logo.png"\n}'
