b'{\n    "@context": {"@vocab":"https://schema.org/"},\n    "@type": ["Dataset"],\n    "@id": "https://www.bco-dmo.org/dataset/2343",\n    "identifier": "https://doi.org/10.1575/1912/bco-dmo.2343.1",\n    "sameAs": ["http://lod.bco-dmo.org/id/dataset/2343"],\n    "mainEntity": [\n        {\n            "@type": "CreativeWork",\n            "name": "Dataset",\n            "url": "http://schema.org/Dataset"\n        }\n    ],\n    "url": "https://www.bco-dmo.org/dataset/2343",\n    "name": "Hourly ADCP data from ARSV Laurence M. Gould and RVIB Nathaniel B. Palmer cruises to the Southern Ocean from 2001-2003 as part of the Southern Ocean GLOBEC project.",\n    "alternateName": ["ADCP_hourly"],\n    "description": "Southern Ocean GLOBEC Hourly ADCP Data\\r\\n\\r\\nQuality\\r\\n\\r\\nThe following datasets have been processed and represent fairly accurate results. However, these datasets may undergo additional editing. The user is therefore cautioned that the files listed here for download may not be the final datasets.\\r\\n\\r\\nIf you would like to be notified when updated versions are available, email Susan Howard and you will be put on a list. Otherwise, please check back for updates. Notes on the quality of each data set are included in the .....",\n    "isAccessibleForFree": true,\n    "datePublished": "2004-01-08",\n    "keywords": ["oceans"],\n    "creator": [\n        {\n            "@type": "Person",\n            "@id": "https://www.bco-dmo.org/person/50501",\n            "name": "Dr Susan  L. Howard",\n            "url": "https://www.bco-dmo.org/person/50501"\n        },\n        {\n            "@type": "Person",\n            "@id": "https://www.bco-dmo.org/person/50500",\n            "name": "Dr Laurence Padman",\n            "url": "https://www.bco-dmo.org/person/50500",\n            "identifier": "https://orcid.org/0000-0003-2010-642X"\n        }\n    ],\n    "version": "1",\n    "license": [\n        "https://creativecommons.org/licenses/by/4.0/",\n        "https://spdx.org/licenses/CC-BY-4.0"\n    ],\n    "temporalCoverage": "2001-03-19/2003-02-13",\n    "spatialCoverage": [\n        {\n            "@type": "Place",\n            "geo": {\n                "@type": "GeoShape",\n                "box": "-70.6284 -77.7751 -52.3657 -58.7436",\n                "polygon": "-70.6284,-77.7751 -52.3657,-77.7751 -52.3657,-58.7436 -70.6284,-58.7436 -70.6284,-77.7751"\n            },\n            "additionalProperty": [\n                {\n                    "@type": "PropertyValue",\n                    "additionalType": "http://www.wikidata.org/entity/Q161779",\n                    "propertyID": "SRS",\n                    "name": "Spatial Reference System",\n                    "value": "http://www.opengis.net/def/crs/OGC/1.3/CRS84"\n                },\n                {\n                    "@type": "PropertyValue",\n                    "additionalType": "http://www.wikidata.org/entity/Q4018860",\n                    "propertyID": "WKT",\n                    "name": "Well-Known Text",\n                    "value": "POLYGON ((-77.7751 -70.6284, -58.7436 -70.6284, -58.7436 -52.3657, -77.7751 -52.3657, -77.7751 -70.6284))"\n                }\n            ]\n        }\n    ],\n    "publisher": {\n        "@id": "https://www.bco-dmo.org",\n        "@type": "Organization",\n        "name": "Biological and Chemical Data Management Office",\n        "alternateName": "BCO-DMO",\n        "identifier": "http://lod.bco-dmo.org/id/affiliation/191",\n        "url": "https://www.bco-dmo.org",\n        "sameAs": ["http://www.re3data.org/repository/r3d100000012"]\n    },\n    "provider": {\n        "@type": "Organization",\n        "name": "Biological and Chemical Data Management Office"\n    },\n    "producer": [\n        {\n            "@type": "ResearchProject",\n            "@id": "https://www.bco-dmo.org/project/2039",\n            "name": "U.S. GLOBEC Southern Ocean",\n            "alternateName": "SOGLOBEC",\n            "description": "The fundamental objectives of United States Global Ocean Ecosystems Dynamics (U.S. GLOBEC) Program are dependent upon the cooperation of scientists from several disciplines. Physicists, biologists, and chemists must make use of data collected during U.S. GLOBEC field programs to further our understanding of the interplay of physics, biology, and chemistry. Our objectives require quantitative analysis of interdisciplinary data sets and, therefore, data must be exchanged between researchers. To extract the full scientific value, data must be made available to the scientific community on a timely basis.\\n",\n            "url": "https://www.bco-dmo.org/project/2039"\n        }\n    ],\n    "distribution": [\n        {\n            "@id": "http://lod.bco-dmo.org/id/dataset-file/756740",\n            "@type": ["DataDownload"],\n            "name": "Tab Separated Values (.tsv) Data",\n            "contentUrl": "https://darchive.mblwhoilibrary.org/bitstream/1912/23718/1/dataset-2343_adcphourly__v1.tsv",\n            "contentSize": "25007924",\n            "encodingFormat": ["text/tab-separated-values"],\n            "creativeWorkStatus": "Published"\n        },\n        {\n            "@id": "http://lod.bco-dmo.org/id/dataset-file/756741",\n            "@type": ["DataDownload"],\n            "name": "Plain Text Readme file",\n            "url": "https://darchive.mblwhoilibrary.org/bitstream/1912/23718/2/dataset-2343_adcphourly__v1_README.txt",\n            "contentSize": "367",\n            "encodingFormat": ["text/plain"],\n            "creativeWorkStatus": "Published"\n        },\n        {\n            "@id": "http://lod.bco-dmo.org/id/dataset-file/756742",\n            "@type": ["DataDownload"],\n            "name": "Dataset Description document (.pdf)",\n            "url": "https://darchive.mblwhoilibrary.org/bitstream/1912/23718/3/Dataset_description.pdf",\n            "contentSize": "107181",\n            "encodingFormat": ["application/pdf"],\n            "creativeWorkStatus": "Published"\n        }\n    ],\n    "subjectOf": [\n        {\n            "@id": "http://lod.bco-dmo.org/id/dataset-file/756743",\n            "@type": "DataDownload",\n            "name": "ISO 19115-2 (NOAA Profile)",\n            "contentUrl": "https://darchive.mblwhoilibrary.org/bitstream/1912/23718/4/NOAA_ISO19115-2.xml",\n            "contentSize": "140261",\n            "encodingFormat": [\n                "http://www.isotc211.org/2005/gmd-noaa",\n                "application/xml"\n            ],\n            "encodesCreativeWork": "https://www.bco-dmo.org/dataset/2343",\n            "creativeWorkStatus": "Published",\n            "about": "https://www.bco-dmo.org/dataset/2343"\n        }\n    ],\n    "measurementTechnique": ["Acoustic Doppler Current Profiler"],\n    "variableMeasured": [\n        {\n            "@type": "PropertyValue",\n            "@id": "https://www.bco-dmo.org/dataset-parameter/7376",\n            "name": "cruiseid",\n            "alternateName": "cruise identifier",\n            "description": "Cruise identification",\n            "propertyID": "https://www.bco-dmo.org/parameter/789"\n        },\n        {\n            "@type": "PropertyValue",\n            "@id": "https://www.bco-dmo.org/dataset-parameter/7377",\n            "name": "year_start",\n            "alternateName": "year_start",\n            "description": "Year the cruise started, GMT in\xc2\xa0YYYY format",\n            "propertyID": "https://www.bco-dmo.org/parameter/1064",\n            "unitText": "unitless"\n        },\n        {\n            "@type": "PropertyValue",\n            "@id": "https://www.bco-dmo.org/dataset-parameter/7378",\n            "name": "month_start",\n            "alternateName": "month_start ",\n            "description": "Month the cruise started, GMT",\n            "propertyID": "https://www.bco-dmo.org/parameter/892",\n            "unitText": "mm"\n        },\n        {\n            "@type": "PropertyValue",\n            "@id": "https://www.bco-dmo.org/dataset-parameter/7379",\n            "name": "day_start",\n            "alternateName": "day_start ",\n            "description": "Day the cruise started GMT",\n            "propertyID": "https://www.bco-dmo.org/parameter/801",\n            "unitText": "dd"\n        },\n        {\n            "@type": "PropertyValue",\n            "@id": "https://www.bco-dmo.org/dataset-parameter/7380",\n            "name": "time_start",\n            "alternateName": "time_start",\n            "description": "Time the cruise started, GMT",\n            "propertyID": "https://www.bco-dmo.org/parameter/1009",\n            "unitText": "HHmm.m"\n        },\n        {\n            "@type": "PropertyValue",\n            "@id": "https://www.bco-dmo.org/dataset-parameter/7381",\n            "name": "year_end",\n            "alternateName": "year_end",\n            "description": "Year the cruise ended, GMT in\xc2\xa0YYYY format",\n            "propertyID": "https://www.bco-dmo.org/parameter/1063",\n            "unitText": "unitless"\n        },\n        {\n            "@type": "PropertyValue",\n            "@id": "https://www.bco-dmo.org/dataset-parameter/7382",\n            "name": "month_end",\n            "alternateName": "month_end ",\n            "description": "Month the cruise ended, GMT",\n            "propertyID": "https://www.bco-dmo.org/parameter/893",\n            "unitText": "mm"\n        },\n        {\n            "@type": "PropertyValue",\n            "@id": "https://www.bco-dmo.org/dataset-parameter/7383",\n            "name": "day_end",\n            "alternateName": "day_end ",\n            "description": "Day the cruise ended, GMT",\n            "propertyID": "https://www.bco-dmo.org/parameter/802",\n            "unitText": "dd"\n        },\n        {\n            "@type": "PropertyValue",\n            "@id": "https://www.bco-dmo.org/dataset-parameter/7384",\n            "name": "time_end",\n            "alternateName": "time_end",\n            "description": "Time the cruise ended, GMT",\n            "propertyID": "https://www.bco-dmo.org/parameter/1003",\n            "unitText": "HHmm.m"\n        },\n        {\n            "@type": "PropertyValue",\n            "@id": "https://www.bco-dmo.org/dataset-parameter/7385",\n            "name": "yrday0_utc",\n            "alternateName": "Year day, GMT",\n            "description": "Year day, GMT, where year day 0.5 = January 1 at noon. Jan. 1 = yrday 0. GMT day and decimal time, as 325.5 for the 326th day of the year, or November 22 at 1200 hours (noon).",\n            "propertyID": "https://www.bco-dmo.org/parameter/1066",\n            "unitText": "YYY.Y"\n        },\n        {\n            "@type": "PropertyValue",\n            "@id": "https://www.bco-dmo.org/dataset-parameter/7386",\n            "name": "lat",\n            "alternateName": "latitude",\n            "description": "Latitude, negative = South",\n            "propertyID": "https://www.bco-dmo.org/parameter/730",\n            "unitText": "DD.D"\n        },\n        {\n            "@type": "PropertyValue",\n            "@id": "https://www.bco-dmo.org/dataset-parameter/7387",\n            "name": "lon",\n            "alternateName": "longitude",\n            "description": "Longitude, negative = West",\n            "propertyID": "https://www.bco-dmo.org/parameter/731",\n            "unitText": "DDD.D"\n        },\n        {\n            "@type": "PropertyValue",\n            "@id": "https://www.bco-dmo.org/dataset-parameter/7388",\n            "name": "depth",\n            "alternateName": "depth",\n            "description": "Depth of sample or observation",\n            "propertyID": "https://www.bco-dmo.org/parameter/808",\n            "unitText": "meters(m)"\n        },\n        {\n            "@type": "PropertyValue",\n            "@id": "https://www.bco-dmo.org/dataset-parameter/7389",\n            "name": "u_m",\n            "alternateName": "water velocity, east-west component",\n            "description": "East-west component of velocity, positive =  Eastward flow",\n            "propertyID": "https://www.bco-dmo.org/parameter/1020",\n            "unitText": "m/sec"\n        },\n        {\n            "@type": "PropertyValue",\n            "@id": "https://www.bco-dmo.org/dataset-parameter/7390",\n            "name": "v_m",\n            "alternateName": "water velocity, north-south component",\n            "description": "North-south component of velocity, positive = Northward flow",\n            "propertyID": "https://www.bco-dmo.org/parameter/1038",\n            "unitText": "m/sec"\n        }\n    ],\n    "funding": [\n        {\n            "@id": "http://lod.bco-dmo.org/id/award/54694",\n            "@type": "Grant",\n            "name": "Mesoscale Circulation, Tides and Mixing on the Western Antarctic Peninsula Shelf: A Component of WINDSSOCK (ESR proposal #99-48)",\n            "url": "https://www.bco-dmo.org/award/54694",\n            "funder": {\n                "@id": "https://www.bco-dmo.org/node/369",\n                "@type": "Organization",\n                "name": "NSF Antarctic Sciences",\n                "alternateName": "NSF ANT",\n                "identifier": "https://doi.org/10.13039/100000162"\n            },\n            "sameAs": "http://www.nsf.gov/awardsearch/showAward.do?AwardNumber=9910102",\n            "sponsor": {\n                "@type": "Person",\n                "@id": "http://lod.bco-dmo.org/id/person/51477",\n                "name": "Professor Kelly Falkner",\n                "url": "https://www.bco-dmo.org/person/51477"\n            },\n            "identifier": "ANT-9910102"\n        }\n    ],\n    "dct:bibliographicCitation": {\n        "value": "Howard, Susan L., Padman, Laurence, \\"Hourly ADCP data from ARSV Laurence M. Gould and RVIB Nathaniel B. Palmer cruises to the Southern Ocean from 2001-2003 as part of the Southern Ocean GLOBEC project.\\", 2019-02-22, DOI:10.1575/1912/bco-dmo.2343.1, https://hdl.handle.net/1912/23718",\n        "@type": "PropertyValue",\n        "propertyID": "dct:bibliographicCitation"\n    },\n    "creativeWorkStatus": "published",\n    "includedInDataCatalog": {\n        "@type": "DataCatalog",\n        "url": "https://www.bco-dmo.org/search/dataset",\n        "name": "BCO-DMO dataset catalog",\n        "identifier": "https://www.re3data.org/repository/r3d100000012",\n        "@id": "DOI:10.25504/FAIRsharing.pjj4gd"\n    },\n    "audience": [\n        {\n            "@type": "Audience",\n            "identifier": "http://cor.esipfed.org/ont/earthcube/AUT_0000002",\n            "audienceType": "Data Users"\n        }\n    ],\n    "ecrro:ECRRO_0001301": {\n        "value": {\n            "contributor": {\n                "name": "Stephen M Richard",\n                "@type": "Person",\n                "identifier": "https://orcid.org/0000-0001-6041-5302"\n            },\n            "@type": "StructuredValue",\n            "additionalType": "ecrro:ECRRO_0000156"\n        },\n        "@type": "PropertyValue",\n        "propertyID": "ecrro:ECRRO_0001301",\n        "name": "registration metadata"\n    }\n}'
