b'{\n    "@context": {"@vocab":"https://schema.org/"},\n    "@id": "https://doi.org/10.26022/IEDA/111572",\n    "@type": "Dataset",\n    "name": "Chemical compositions and analyses of Mn oxides - transformation from Co-containing vernadite to nsutite and hollandite",\n    "sameAs": "https://ecl.earthchem.org/view.php?id=1572",\n    "isAccessibleForFree": true,\n    "author": {\n        "@list": [\n            {\n                "@type": "Role",\n                "author": [\n                    {\n                        "@type": "Person",\n                        "name": "Bruno  Lanson",\n                        "givenName": "Bruno",\n                        "familyName": "Lanson"\n                    }\n                ],\n                "roleName": "Lead Author"\n            },\n            {\n                "@type": "Role",\n                "author": [\n                    {\n                        "@type": "Person",\n                        "name": "Zhongkuan  Wu",\n                        "givenName": "Zhongkuan",\n                        "familyName": "Wu"\n                    },\n                    {\n                        "@type": "Person",\n                        "name": "Xionghan  Feng",\n                        "givenName": "Xionghan",\n                        "familyName": "Feng"\n                    },\n                    {\n                        "@type": "Person",\n                        "name": "Hui  Yin",\n                        "givenName": "Hui",\n                        "familyName": "Yin"\n                    },\n                    {\n                        "@type": "Person",\n                        "name": "Wenfeng  Tan",\n                        "givenName": "Wenfeng",\n                        "familyName": "Tan"\n                    },\n                    {\n                        "@type": "Person",\n                        "name": "Fan  Liu",\n                        "givenName": "Fan",\n                        "familyName": "Liu"\n                    }\n                ],\n                "roleName": "Coauthor"\n            }\n        ]\n    },\n    "description": "This dataset accompanies the Wu et al. manuscript entitled \\"Transformation from Co-containing vernadite to nsutite and hollandite: Implications for the retention of Co in Mn Oxides with small tunnel sizes\\". The dataset contains: 1) Chemical compositions, 2) XAS data at Mn and Co K-edges, 3) XRD data, and 4) Chemical analyses upon nitric acid treatment.\\r\\n",\n    "distribution": {\n        "datePublished": "2020-06-15 00:00:00",\n        "contentUrl": "https://ecl.earthchem.org/view.php?id=1572",\n        "@type": "DataDownload",\n        "encodingFormat": "application/zip"\n    },\n    "license": "https://spdx.org/licenses/CC-BY-SA-4.0",\n    "dateCreated": "2020-06-15",\n    "inLanguage": "English",\n    "keywords": "Mn oxides,Phyllomanganate,Tectomanganate,Co",\n    "publisher": {\n        "contactPoint": {\n            "@type": "ContactPoint",\n            "name": "Information Desk",\n            "contactType": "Customer Service",\n            "email": "info@earthchem.org",\n            "url": "https://www.earthchem.org/contact/"\n        },\n        "@type": "Organization",\n        "name": "EarthChem Library",\n        "@id": "https://www.earthchem.org",\n        "url": "https://www.earthchem.org/library"\n    },\n    "provider": {\n        "@type": "Organization",\n        "name": "EarthChem Library"\n    },\n    "url": "https://doi.org/10.26022/IEDA/111572",\n    "funding": [\n        {"@type": "MonetaryGrant"}\n    ]\n}\n'
