b'\nurn: {d786b109bf94da2c14a0ad7b8c4afb428c710aca identifiersha $.identifier.value [OTLAS.022013.26910.2] f1b0719b43b44588ba460dbee75f8560a581ccfc}\n'
