triplecount: 31   graph: 'urn:citesting:geocodes_demo_datasets:ce020471830dc75cb1639eae403a883f9072bb60'  
