{'head': {'vars': ['datasetcount']}, 'results': {'bindings': [{'datasetcount': {'datatype': 'http://www.w3.org/2001/XMLSchema#integer', 'type': 'literal', 'value': '9'}}]}}
