b'\nurn: {e6243fdf074d088b1e1215547e77ac4431067f89 identifiersha $.identifier.value [00ZGzZEY6nx8ep1lDO3z] d2c68c32688d24d2f4938c9e009bf85a74428725}\n'
